[STEP] [2026-06-10 09:00:10] Preparing creation of staging site...
[INFO] [2026-06-10 09:00:10] Starting custom error handler...
[VERBOSE] [2026-06-10 09:00:10] Step 0 - Initialization of the process
[INFO] [2026-06-10 09:00:10] Name of subsite: staging
[INFO] [2026-06-10 09:00:10] Expected URL of subsite: http://licensing-african-datasets-prototype.local/staging
[INFO] [2026-06-10 09:00:10] Backup & Migration version: 2.1.6
[INFO] [2026-06-10 09:00:10] PHP Version: 8.2.29
[INFO] [2026-06-10 09:00:10] WP Version: 7.0
[INFO] [2026-06-10 09:00:10] MySQL Version: 8.4.0
[INFO] [2026-06-10 09:00:11] MySQL Max Length: 1073741824
[INFO] [2026-06-10 09:00:11] Web server: nginx/1.26.1
[INFO] [2026-06-10 09:00:11] Max execution time (in seconds): 1200
[INFO] [2026-06-10 09:00:11] Memory limit (server): 256M
[INFO] [2026-06-10 09:00:11] Memory limit (wp-config): 40M
[INFO] [2026-06-10 09:00:11] Memory limit (wp-config admin): 256M
[INFO] [2026-06-10 09:00:11] Max rows per query (this site): 2000
[STEP] [2026-06-10 09:00:11] Preparing constants and staging details
[INFO] [2026-06-10 09:00:11] Creating root directory of new site
[SUCCESS] [2026-06-10 09:00:11] Path of new website: C:\Users\zozoj\Local Sites\licensing-african-datasets-prototype\app\public/staging
[INFO] [2026-06-10 09:00:11] Generating database prefix
[SUCCESS] [2026-06-10 09:00:11] Prefix of new site will be: bmstg2011_
[INFO] [2026-06-10 09:00:11] Generating first log in password
[SUCCESS] [2026-06-10 09:00:11] Password created and saved.
[STEP] [2026-06-10 09:00:11] Initializing configuration of the website
[SUCCESS] [2026-06-10 09:00:11] Configuration created
[VERBOSE] [2026-06-10 09:00:11] Setting continuation for: 1 1
[STEP] [2026-06-10 09:00:11] Scanning all files on your website, it may take a while...
[SUCCESS] [2026-06-10 09:00:14] All files scanned and prepared for duplication...
[VERBOSE] [2026-06-10 09:00:14] Setting continuation for: 1 2
[VERBOSE] [2026-06-10 09:00:14] Saving staging sites configuration (end of request/batch)...
[VERBOSE] [2026-06-10 09:00:14] Configuration saved, destructing the logger (controller)...
[STEP] [2026-06-10 09:00:15] Looking for database tables that should be duplicated and their sizes...
[VERBOSE] [2026-06-10 09:00:15] Adding this table: wp_commentmeta
[VERBOSE] [2026-06-10 09:00:15] Adding this table: wp_comments
[VERBOSE] [2026-06-10 09:00:15] Adding this table: wp_links
[VERBOSE] [2026-06-10 09:00:15] Adding this table: wp_options
[VERBOSE] [2026-06-10 09:00:15] Adding this table: wp_postmeta
[VERBOSE] [2026-06-10 09:00:15] Adding this table: wp_posts
[VERBOSE] [2026-06-10 09:00:15] Adding this table: wp_term_relationships
[VERBOSE] [2026-06-10 09:00:15] Adding this table: wp_term_taxonomy
[VERBOSE] [2026-06-10 09:00:15] Adding this table: wp_termmeta
[VERBOSE] [2026-06-10 09:00:15] Adding this table: wp_terms
[VERBOSE] [2026-06-10 09:00:15] Adding this table: wp_usermeta
[VERBOSE] [2026-06-10 09:00:15] Adding this table: wp_users
[INFO] [2026-06-10 09:00:15] Amount of files to duplicate: 4366
[INFO] [2026-06-10 09:00:15] Amount of directories to duplicate: 553
[INFO] [2026-06-10 09:00:15] Amount of tables to duplicate: 12
[INFO] [2026-06-10 09:00:15] Size of database to duplicate: 2.09 MB
[INFO] [2026-06-10 09:00:15] Size of files to duplicate: 89.9 MB
[INFO] [2026-06-10 09:00:15] Total duplication size: 92 MB
[SUCCESS] [2026-06-10 09:00:15] Tables prepared for duplication...
[STEP] [2026-06-10 09:00:15] Checking if there is enough space for the staging site...
[INFO] [2026-06-10 09:00:15] Space checking may take a while
[VERBOSE] [2026-06-10 09:00:15] Setting continuation for: 1 3
[VERBOSE] [2026-06-10 09:00:15] Saving staging sites configuration (end of request/batch)...
[VERBOSE] [2026-06-10 09:00:15] Configuration saved, destructing the logger (controller)...
[INFO] [2026-06-10 09:00:15] Checking in total: 106113194 bytes (101.2 MB)
[INFO] [2026-06-10 09:00:15] Disk free space function is not disabled - using it...
[INFO] [2026-06-10 09:00:15] Checking this path/partition: C:\Users\zozoj\Local Sites\licensing-african-datasets-prototype\app\public\wp-content\backup-migration\backups
[SUCCESS] [2026-06-10 09:00:15] There is 2,690.23 MB free. [2.63 GB]
[SUCCESS] [2026-06-10 09:00:15] Great! We have enough space.
[SUCCESS] [2026-06-10 09:00:15] Confirmed, there is more than enough space, checked: 106113194 bytes
[VERBOSE] [2026-06-10 09:00:15] Setting new step for next request to 2 @ batch 1
[VERBOSE] [2026-06-10 09:00:15] Setting continuation for: 2 1
[VERBOSE] [2026-06-10 09:00:15] Saving staging sites configuration (end of request/batch)...
[VERBOSE] [2026-06-10 09:00:15] Configuration saved, destructing the logger (controller)...
[STEP] [2026-06-10 09:00:15] Duplicating database tables...
[INFO] [2026-06-10 09:00:15] Table wp_commentmeta cloned as bmstg2011_commentmeta
[INFO] [2026-06-10 09:00:16] Table wp_comments cloned as bmstg2011_comments
[INFO] [2026-06-10 09:00:16] Table wp_links cloned as bmstg2011_links
[INFO] [2026-06-10 09:00:16] Table wp_options cloned as bmstg2011_options
[INFO] [2026-06-10 09:00:17] Table wp_postmeta cloned as bmstg2011_postmeta
[INFO] [2026-06-10 09:00:17] Table wp_posts cloned as bmstg2011_posts
[INFO] [2026-06-10 09:00:17] Table wp_term_relationships cloned as bmstg2011_term_relationships
[INFO] [2026-06-10 09:00:17] Table wp_term_taxonomy cloned as bmstg2011_term_taxonomy
[INFO] [2026-06-10 09:00:17] Table wp_termmeta cloned as bmstg2011_termmeta
[INFO] [2026-06-10 09:00:18] Table wp_terms cloned as bmstg2011_terms
[INFO] [2026-06-10 09:00:18] Table wp_usermeta cloned as bmstg2011_usermeta
[INFO] [2026-06-10 09:00:18] Table wp_users cloned as bmstg2011_users
[SUCCESS] [2026-06-10 09:00:18] All tables were successfully duplicated
[VERBOSE] [2026-06-10 09:00:18] Setting continuation for: 3 1
[VERBOSE] [2026-06-10 09:00:18] Saving staging sites configuration (end of request/batch)...
[VERBOSE] [2026-06-10 09:00:18] Configuration saved, destructing the logger (controller)...
[STEP] [2026-06-10 09:00:18] Performing database search replace on duplicated tables...
[INFO] [2026-06-10 09:00:18] Page size for that process: 5000
[VERBOSE] [2026-06-10 09:00:18] Setting continuation for: 3 2
[VERBOSE] [2026-06-10 09:00:18] Saving staging sites configuration (end of request/batch)...
[VERBOSE] [2026-06-10 09:00:18] Configuration saved, destructing the logger (controller)...
[STEP] [2026-06-10 09:00:18] Performing search replace for table: bmstg2011_commentmeta
[INFO] [2026-06-10 09:00:18] Path replacements are not required for table: bmstg2011_commentmeta
[INFO] [2026-06-10 09:00:18] Domain replacements are not required for table: bmstg2011_commentmeta
[INFO] [2026-06-10 09:00:18] Prefix key replacements are not required for table: bmstg2011_commentmeta
[SUCCESS] [2026-06-10 09:00:18] Search replace for table bmstg2011_commentmeta finished
[VERBOSE] [2026-06-10 09:00:18] Setting continuation for: 3 2
[VERBOSE] [2026-06-10 09:00:18] Saving staging sites configuration (end of request/batch)...
[VERBOSE] [2026-06-10 09:00:18] Configuration saved, destructing the logger (controller)...
[STEP] [2026-06-10 09:00:18] Performing search replace for table: bmstg2011_comments
[INFO] [2026-06-10 09:00:18] Path replacements are not required for table: bmstg2011_comments
[INFO] [2026-06-10 09:00:18] Domain replacements are not required for table: bmstg2011_comments
[INFO] [2026-06-10 09:00:18] Prefix key replacements are not required for table: bmstg2011_comments
[SUCCESS] [2026-06-10 09:00:18] Search replace for table bmstg2011_comments finished
[VERBOSE] [2026-06-10 09:00:18] Setting continuation for: 3 2
[VERBOSE] [2026-06-10 09:00:18] Saving staging sites configuration (end of request/batch)...
[VERBOSE] [2026-06-10 09:00:18] Configuration saved, destructing the logger (controller)...
[STEP] [2026-06-10 09:00:19] Performing search replace for table: bmstg2011_links
[INFO] [2026-06-10 09:00:19] Path replacements are not required for table: bmstg2011_links
[INFO] [2026-06-10 09:00:19] Domain replacements are not required for table: bmstg2011_links
[INFO] [2026-06-10 09:00:19] Prefix key replacements are not required for table: bmstg2011_links
[SUCCESS] [2026-06-10 09:00:19] Search replace for table bmstg2011_links finished
[VERBOSE] [2026-06-10 09:00:19] Setting continuation for: 3 2
[VERBOSE] [2026-06-10 09:00:19] Saving staging sites configuration (end of request/batch)...
[VERBOSE] [2026-06-10 09:00:19] Configuration saved, destructing the logger (controller)...
[STEP] [2026-06-10 09:00:19] Performing search replace for table: bmstg2011_options
[INFO] [2026-06-10 09:00:19] Batch for path adjustment (1/1) updated: 0 fields.
[INFO] [2026-06-10 09:00:19] Batch for domain adjustments (1/1) updated: 2 fields.
[INFO] [2026-06-10 09:00:19] Prefix key replacements are not required for table: bmstg2011_options
[SUCCESS] [2026-06-10 09:00:19] Search replace for table bmstg2011_options finished
[VERBOSE] [2026-06-10 09:00:19] Setting continuation for: 3 2
[VERBOSE] [2026-06-10 09:00:19] Saving staging sites configuration (end of request/batch)...
[VERBOSE] [2026-06-10 09:00:19] Configuration saved, destructing the logger (controller)...
[STEP] [2026-06-10 09:00:19] Performing search replace for table: bmstg2011_postmeta
[INFO] [2026-06-10 09:00:19] Path replacements are not required for table: bmstg2011_postmeta
[INFO] [2026-06-10 09:00:19] Domain replacements are not required for table: bmstg2011_postmeta
[INFO] [2026-06-10 09:00:19] Prefix key replacements are not required for table: bmstg2011_postmeta
[SUCCESS] [2026-06-10 09:00:19] Search replace for table bmstg2011_postmeta finished
[VERBOSE] [2026-06-10 09:00:19] Setting continuation for: 3 2
[VERBOSE] [2026-06-10 09:00:19] Saving staging sites configuration (end of request/batch)...
[VERBOSE] [2026-06-10 09:00:19] Configuration saved, destructing the logger (controller)...
[STEP] [2026-06-10 09:00:19] Performing search replace for table: bmstg2011_posts
[INFO] [2026-06-10 09:00:19] Path replacements are not required for table: bmstg2011_posts
[INFO] [2026-06-10 09:00:20] Batch for domain adjustments (1/1) updated: 6 fields.
[INFO] [2026-06-10 09:00:20] Prefix key replacements are not required for table: bmstg2011_posts
[SUCCESS] [2026-06-10 09:00:20] Search replace for table bmstg2011_posts finished
[VERBOSE] [2026-06-10 09:00:20] Setting continuation for: 3 2
[VERBOSE] [2026-06-10 09:00:20] Saving staging sites configuration (end of request/batch)...
[VERBOSE] [2026-06-10 09:00:20] Configuration saved, destructing the logger (controller)...
[STEP] [2026-06-10 09:00:20] Performing search replace for table: bmstg2011_term_relationships
[INFO] [2026-06-10 09:00:20] Path replacements are not required for table: bmstg2011_term_relationships
[INFO] [2026-06-10 09:00:20] Domain replacements are not required for table: bmstg2011_term_relationships
[INFO] [2026-06-10 09:00:20] Prefix key replacements are not required for table: bmstg2011_term_relationships
[SUCCESS] [2026-06-10 09:00:20] Search replace for table bmstg2011_term_relationships finished
[VERBOSE] [2026-06-10 09:00:20] Setting continuation for: 3 2
[VERBOSE] [2026-06-10 09:00:20] Saving staging sites configuration (end of request/batch)...
[VERBOSE] [2026-06-10 09:00:20] Configuration saved, destructing the logger (controller)...
[STEP] [2026-06-10 09:00:20] Performing search replace for table: bmstg2011_term_taxonomy
[INFO] [2026-06-10 09:00:20] Path replacements are not required for table: bmstg2011_term_taxonomy
[INFO] [2026-06-10 09:00:20] Domain replacements are not required for table: bmstg2011_term_taxonomy
[INFO] [2026-06-10 09:00:20] Prefix key replacements are not required for table: bmstg2011_term_taxonomy
[SUCCESS] [2026-06-10 09:00:20] Search replace for table bmstg2011_term_taxonomy finished
[VERBOSE] [2026-06-10 09:00:20] Setting continuation for: 3 2
[VERBOSE] [2026-06-10 09:00:20] Saving staging sites configuration (end of request/batch)...
[VERBOSE] [2026-06-10 09:00:20] Configuration saved, destructing the logger (controller)...
[STEP] [2026-06-10 09:00:20] Performing search replace for table: bmstg2011_termmeta
[INFO] [2026-06-10 09:00:20] Path replacements are not required for table: bmstg2011_termmeta
[INFO] [2026-06-10 09:00:20] Domain replacements are not required for table: bmstg2011_termmeta
[INFO] [2026-06-10 09:00:20] Prefix key replacements are not required for table: bmstg2011_termmeta
[SUCCESS] [2026-06-10 09:00:20] Search replace for table bmstg2011_termmeta finished
[VERBOSE] [2026-06-10 09:00:20] Setting continuation for: 3 2
[VERBOSE] [2026-06-10 09:00:20] Saving staging sites configuration (end of request/batch)...
[VERBOSE] [2026-06-10 09:00:20] Configuration saved, destructing the logger (controller)...
[STEP] [2026-06-10 09:00:20] Performing search replace for table: bmstg2011_terms
[INFO] [2026-06-10 09:00:20] Path replacements are not required for table: bmstg2011_terms
[INFO] [2026-06-10 09:00:20] Domain replacements are not required for table: bmstg2011_terms
[INFO] [2026-06-10 09:00:20] Prefix key replacements are not required for table: bmstg2011_terms
[SUCCESS] [2026-06-10 09:00:20] Search replace for table bmstg2011_terms finished
[VERBOSE] [2026-06-10 09:00:20] Setting continuation for: 3 2
[VERBOSE] [2026-06-10 09:00:20] Saving staging sites configuration (end of request/batch)...
[VERBOSE] [2026-06-10 09:00:20] Configuration saved, destructing the logger (controller)...
[STEP] [2026-06-10 09:00:20] Performing search replace for table: bmstg2011_usermeta
[INFO] [2026-06-10 09:00:21] Path replacements are not required for table: bmstg2011_usermeta
[INFO] [2026-06-10 09:00:21] Domain replacements are not required for table: bmstg2011_usermeta
[INFO] [2026-06-10 09:00:21] Batch for prefix key adjustments (1/1) updated: 4 fields.
[SUCCESS] [2026-06-10 09:00:21] Search replace for table bmstg2011_usermeta finished
[VERBOSE] [2026-06-10 09:00:21] Setting continuation for: 3 2
[VERBOSE] [2026-06-10 09:00:21] Saving staging sites configuration (end of request/batch)...
[VERBOSE] [2026-06-10 09:00:21] Configuration saved, destructing the logger (controller)...
[STEP] [2026-06-10 09:00:21] Performing search replace for table: bmstg2011_users
[INFO] [2026-06-10 09:00:21] Path replacements are not required for table: bmstg2011_users
[INFO] [2026-06-10 09:00:21] Batch for domain adjustments (1/1) updated: 1 fields.
[INFO] [2026-06-10 09:00:21] Prefix key replacements are not required for table: bmstg2011_users
[SUCCESS] [2026-06-10 09:00:21] Search replace for table bmstg2011_users finished
[VERBOSE] [2026-06-10 09:00:21] Setting continuation for: 3 3
[VERBOSE] [2026-06-10 09:00:21] Saving staging sites configuration (end of request/batch)...
[VERBOSE] [2026-06-10 09:00:21] Configuration saved, destructing the logger (controller)...
[VERBOSE] [2026-06-10 09:00:21] Setting continuation for: 4 1
[VERBOSE] [2026-06-10 09:00:21] Saving staging sites configuration (end of request/batch)...
[VERBOSE] [2026-06-10 09:00:21] Configuration saved, destructing the logger (controller)...
[STEP] [2026-06-10 09:00:21] Displaying summary of search replace process
[INFO] [2026-06-10 09:00:21] Search replace processed 25 tables in total
[INFO] [2026-06-10 09:00:21] In total it processed 14 rows
[INFO] [2026-06-10 09:00:21] After all it changed only 15 columns
[INFO] [2026-06-10 09:00:21] Which results in 13 changes in total of all cells
[SUCCESS] [2026-06-10 09:00:21] Search replace of all tables finished successfully
[STEP] [2026-06-10 09:00:21] Duplication of directories to staging site
[INFO] [2026-06-10 09:00:22] Directory creation milestone: 500/553 (90.42%)
[VERBOSE] [2026-06-10 09:00:22] Setting continuation for: 4 2
[VERBOSE] [2026-06-10 09:00:22] Saving staging sites configuration (end of request/batch)...
[VERBOSE] [2026-06-10 09:00:22] Configuration saved, destructing the logger (controller)...
[INFO] [2026-06-10 09:00:23] Directory creation milestone: 553/553 (100%)
[VERBOSE] [2026-06-10 09:00:23] Setting continuation for: 4 3
[VERBOSE] [2026-06-10 09:00:23] Saving staging sites configuration (end of request/batch)...
[VERBOSE] [2026-06-10 09:00:23] Configuration saved, destructing the logger (controller)...
[STEP] [2026-06-10 09:00:23] Duplication of files to staging site
[INFO] [2026-06-10 09:00:23] Duplication of files make take a while
[WARN] [2026-06-10 09:00:23] Disclaimer: ZIP Archives are not getting cloned on staging sites
[VERBOSE] [2026-06-10 09:00:29] Setting continuation for: 4 3
[VERBOSE] [2026-06-10 09:00:29] Saving staging sites configuration (end of request/batch)...
[VERBOSE] [2026-06-10 09:00:29] Configuration saved, destructing the logger (controller)...
[VERBOSE] [2026-06-10 09:00:35] Setting continuation for: 4 3
[VERBOSE] [2026-06-10 09:00:35] Saving staging sites configuration (end of request/batch)...
[VERBOSE] [2026-06-10 09:00:35] Configuration saved, destructing the logger (controller)...
[VERBOSE] [2026-06-10 09:00:41] Setting continuation for: 4 3
[VERBOSE] [2026-06-10 09:00:41] Saving staging sites configuration (end of request/batch)...
[VERBOSE] [2026-06-10 09:00:41] Configuration saved, destructing the logger (controller)...
[VERBOSE] [2026-06-10 09:00:47] Setting continuation for: 4 3
[VERBOSE] [2026-06-10 09:00:47] Saving staging sites configuration (end of request/batch)...
[VERBOSE] [2026-06-10 09:00:47] Configuration saved, destructing the logger (controller)...
[VERBOSE] [2026-06-10 09:00:53] Setting continuation for: 4 3
[VERBOSE] [2026-06-10 09:00:53] Saving staging sites configuration (end of request/batch)...
[VERBOSE] [2026-06-10 09:00:53] Configuration saved, destructing the logger (controller)...
[VERBOSE] [2026-06-10 09:00:59] Setting continuation for: 4 3
[VERBOSE] [2026-06-10 09:00:59] Saving staging sites configuration (end of request/batch)...
[VERBOSE] [2026-06-10 09:00:59] Configuration saved, destructing the logger (controller)...
[VERBOSE] [2026-06-10 09:01:05] Setting continuation for: 4 3
[VERBOSE] [2026-06-10 09:01:05] Saving staging sites configuration (end of request/batch)...
[VERBOSE] [2026-06-10 09:01:05] Configuration saved, destructing the logger (controller)...
[INFO] [2026-06-10 09:01:09] File duplication milestone: 500/4366 (11.45%)
[VERBOSE] [2026-06-10 09:01:11] Setting continuation for: 4 3
[VERBOSE] [2026-06-10 09:01:11] Saving staging sites configuration (end of request/batch)...
[VERBOSE] [2026-06-10 09:01:11] Configuration saved, destructing the logger (controller)...
[VERBOSE] [2026-06-10 09:01:18] Setting continuation for: 4 3
[VERBOSE] [2026-06-10 09:01:18] Saving staging sites configuration (end of request/batch)...
[VERBOSE] [2026-06-10 09:01:18] Configuration saved, destructing the logger (controller)...
[VERBOSE] [2026-06-10 09:01:24] Setting continuation for: 4 3
[VERBOSE] [2026-06-10 09:01:24] Saving staging sites configuration (end of request/batch)...
[VERBOSE] [2026-06-10 09:01:24] Configuration saved, destructing the logger (controller)...
[VERBOSE] [2026-06-10 09:01:30] Setting continuation for: 4 3
[VERBOSE] [2026-06-10 09:01:30] Saving staging sites configuration (end of request/batch)...
[VERBOSE] [2026-06-10 09:01:30] Configuration saved, destructing the logger (controller)...
[INFO] [2026-06-10 09:01:32] File duplication milestone: 1000/4366 (22.90%)
[VERBOSE] [2026-06-10 09:01:34] Setting continuation for: 4 3
[VERBOSE] [2026-06-10 09:01:34] Saving staging sites configuration (end of request/batch)...
[VERBOSE] [2026-06-10 09:01:34] Configuration saved, destructing the logger (controller)...
[VERBOSE] [2026-06-10 09:01:40] Setting continuation for: 4 3
[VERBOSE] [2026-06-10 09:01:40] Saving staging sites configuration (end of request/batch)...
[VERBOSE] [2026-06-10 09:01:40] Configuration saved, destructing the logger (controller)...
[VERBOSE] [2026-06-10 09:01:46] Setting continuation for: 4 3
[VERBOSE] [2026-06-10 09:01:46] Saving staging sites configuration (end of request/batch)...
[VERBOSE] [2026-06-10 09:01:46] Configuration saved, destructing the logger (controller)...
[VERBOSE] [2026-06-10 09:01:52] Setting continuation for: 4 3
[VERBOSE] [2026-06-10 09:01:52] Saving staging sites configuration (end of request/batch)...
[VERBOSE] [2026-06-10 09:01:52] Configuration saved, destructing the logger (controller)...
[VERBOSE] [2026-06-10 09:01:58] Setting continuation for: 4 3
[VERBOSE] [2026-06-10 09:01:58] Saving staging sites configuration (end of request/batch)...
[VERBOSE] [2026-06-10 09:01:58] Configuration saved, destructing the logger (controller)...
[INFO] [2026-06-10 09:01:58] File duplication milestone: 1500/4366 (34.36%)
[VERBOSE] [2026-06-10 09:02:04] Setting continuation for: 4 3
[VERBOSE] [2026-06-10 09:02:04] Saving staging sites configuration (end of request/batch)...
[VERBOSE] [2026-06-10 09:02:04] Configuration saved, destructing the logger (controller)...
[VERBOSE] [2026-06-10 09:02:10] Setting continuation for: 4 3
[VERBOSE] [2026-06-10 09:02:10] Saving staging sites configuration (end of request/batch)...
[VERBOSE] [2026-06-10 09:02:10] Configuration saved, destructing the logger (controller)...
[VERBOSE] [2026-06-10 09:02:16] Setting continuation for: 4 3
[VERBOSE] [2026-06-10 09:02:16] Saving staging sites configuration (end of request/batch)...
[VERBOSE] [2026-06-10 09:02:16] Configuration saved, destructing the logger (controller)...
[INFO] [2026-06-10 09:02:17] File duplication milestone: 2000/4366 (45.81%)
[VERBOSE] [2026-06-10 09:02:22] Setting continuation for: 4 3
[VERBOSE] [2026-06-10 09:02:22] Saving staging sites configuration (end of request/batch)...
[VERBOSE] [2026-06-10 09:02:22] Configuration saved, destructing the logger (controller)...
[VERBOSE] [2026-06-10 09:02:28] Setting continuation for: 4 3
[VERBOSE] [2026-06-10 09:02:28] Saving staging sites configuration (end of request/batch)...
[VERBOSE] [2026-06-10 09:02:28] Configuration saved, destructing the logger (controller)...
[INFO] [2026-06-10 09:02:28] File duplication milestone: 2500/4366 (57.26%)
[VERBOSE] [2026-06-10 09:02:34] Setting continuation for: 4 3
[VERBOSE] [2026-06-10 09:02:34] Saving staging sites configuration (end of request/batch)...
[VERBOSE] [2026-06-10 09:02:34] Configuration saved, destructing the logger (controller)...
[VERBOSE] [2026-06-10 09:02:40] Setting continuation for: 4 3
[VERBOSE] [2026-06-10 09:02:40] Saving staging sites configuration (end of request/batch)...
[VERBOSE] [2026-06-10 09:02:40] Configuration saved, destructing the logger (controller)...
[VERBOSE] [2026-06-10 09:02:46] Setting continuation for: 4 3
[VERBOSE] [2026-06-10 09:02:46] Saving staging sites configuration (end of request/batch)...
[VERBOSE] [2026-06-10 09:02:46] Configuration saved, destructing the logger (controller)...
[VERBOSE] [2026-06-10 09:02:52] Setting continuation for: 4 3
[VERBOSE] [2026-06-10 09:02:52] Saving staging sites configuration (end of request/batch)...
[VERBOSE] [2026-06-10 09:02:52] Configuration saved, destructing the logger (controller)...
[INFO] [2026-06-10 09:02:56] File duplication milestone: 3000/4366 (68.71%)
[VERBOSE] [2026-06-10 09:02:58] Setting continuation for: 4 3
[VERBOSE] [2026-06-10 09:02:58] Saving staging sites configuration (end of request/batch)...
[VERBOSE] [2026-06-10 09:02:58] Configuration saved, destructing the logger (controller)...
[VERBOSE] [2026-06-10 09:03:04] Setting continuation for: 4 3
[VERBOSE] [2026-06-10 09:03:04] Saving staging sites configuration (end of request/batch)...
[VERBOSE] [2026-06-10 09:03:04] Configuration saved, destructing the logger (controller)...
[VERBOSE] [2026-06-10 09:03:10] Setting continuation for: 4 3
[VERBOSE] [2026-06-10 09:03:10] Saving staging sites configuration (end of request/batch)...
[VERBOSE] [2026-06-10 09:03:10] Configuration saved, destructing the logger (controller)...
[VERBOSE] [2026-06-10 09:03:16] Setting continuation for: 4 3
[VERBOSE] [2026-06-10 09:03:16] Saving staging sites configuration (end of request/batch)...
[VERBOSE] [2026-06-10 09:03:16] Configuration saved, destructing the logger (controller)...
[INFO] [2026-06-10 09:03:19] File duplication milestone: 3500/4366 (80.16%)
[VERBOSE] [2026-06-10 09:03:22] Setting continuation for: 4 3
[VERBOSE] [2026-06-10 09:03:22] Saving staging sites configuration (end of request/batch)...
[VERBOSE] [2026-06-10 09:03:22] Configuration saved, destructing the logger (controller)...
[VERBOSE] [2026-06-10 09:03:28] Setting continuation for: 4 3
[VERBOSE] [2026-06-10 09:03:28] Saving staging sites configuration (end of request/batch)...
[VERBOSE] [2026-06-10 09:03:28] Configuration saved, destructing the logger (controller)...
[VERBOSE] [2026-06-10 09:03:34] Setting continuation for: 4 3
[VERBOSE] [2026-06-10 09:03:34] Saving staging sites configuration (end of request/batch)...
[VERBOSE] [2026-06-10 09:03:34] Configuration saved, destructing the logger (controller)...
[VERBOSE] [2026-06-10 09:03:40] Setting continuation for: 4 3
[VERBOSE] [2026-06-10 09:03:40] Saving staging sites configuration (end of request/batch)...
[VERBOSE] [2026-06-10 09:03:40] Configuration saved, destructing the logger (controller)...
[VERBOSE] [2026-06-10 09:03:46] Setting continuation for: 4 3
[VERBOSE] [2026-06-10 09:03:46] Saving staging sites configuration (end of request/batch)...
[VERBOSE] [2026-06-10 09:03:46] Configuration saved, destructing the logger (controller)...
[VERBOSE] [2026-06-10 09:03:52] Setting continuation for: 4 3
[VERBOSE] [2026-06-10 09:03:52] Saving staging sites configuration (end of request/batch)...
[VERBOSE] [2026-06-10 09:03:52] Configuration saved, destructing the logger (controller)...
[VERBOSE] [2026-06-10 09:03:58] Setting continuation for: 4 3
[VERBOSE] [2026-06-10 09:03:58] Saving staging sites configuration (end of request/batch)...
[VERBOSE] [2026-06-10 09:03:58] Configuration saved, destructing the logger (controller)...
[INFO] [2026-06-10 09:04:00] File duplication milestone: 4000/4366 (91.62%)
[VERBOSE] [2026-06-10 09:04:04] Setting continuation for: 4 3
[VERBOSE] [2026-06-10 09:04:04] Saving staging sites configuration (end of request/batch)...
[VERBOSE] [2026-06-10 09:04:04] Configuration saved, destructing the logger (controller)...
[VERBOSE] [2026-06-10 09:04:10] Setting continuation for: 4 3
[VERBOSE] [2026-06-10 09:04:10] Saving staging sites configuration (end of request/batch)...
[VERBOSE] [2026-06-10 09:04:10] Configuration saved, destructing the logger (controller)...
[VERBOSE] [2026-06-10 09:04:16] Setting continuation for: 4 3
[VERBOSE] [2026-06-10 09:04:16] Saving staging sites configuration (end of request/batch)...
[VERBOSE] [2026-06-10 09:04:16] Configuration saved, destructing the logger (controller)...
[VERBOSE] [2026-06-10 09:04:22] Setting continuation for: 4 3
[VERBOSE] [2026-06-10 09:04:22] Saving staging sites configuration (end of request/batch)...
[VERBOSE] [2026-06-10 09:04:22] Configuration saved, destructing the logger (controller)...
[VERBOSE] [2026-06-10 09:04:28] Setting continuation for: 4 3
[VERBOSE] [2026-06-10 09:04:28] Saving staging sites configuration (end of request/batch)...
[VERBOSE] [2026-06-10 09:04:28] Configuration saved, destructing the logger (controller)...
[INFO] [2026-06-10 09:04:33] File duplication milestone: 4366/4366 (100%)
[VERBOSE] [2026-06-10 09:04:33] Setting continuation for: 5 1
[VERBOSE] [2026-06-10 09:04:33] Saving staging sites configuration (end of request/batch)...
[VERBOSE] [2026-06-10 09:04:33] Configuration saved, destructing the logger (controller)...
[STEP] [2026-06-10 09:04:33] Inserting auto-login script for staging site
[SUCCESS] [2026-06-10 09:04:33] Inserting auto-login script for staging site
[STEP] [2026-06-10 09:04:33] Inserting wp-config.php file for staging site
[INFO] [2026-06-10 09:04:33] Replacing table prefix in wp-config.php
[INFO] [2026-06-10 09:04:33] Adjusting paths in wp-config.php
[INFO] [2026-06-10 09:04:33] Adjusting domains in wp-config.php
[SUCCESS] [2026-06-10 09:04:33] File adjustments for wp-config.php finished successfully
[VERBOSE] [2026-06-10 09:04:33] Setting continuation for: 6 1
[VERBOSE] [2026-06-10 09:04:33] Saving staging sites configuration (end of request/batch)...
[VERBOSE] [2026-06-10 09:04:33] Configuration saved, destructing the logger (controller)...
[VERBOSE] [2026-06-10 09:04:33] Cleaning up not needed files and parsing configs.
[VERBOSE] [2026-06-10 09:04:33] Setting continuation for: 7 1
[VERBOSE] [2026-06-10 09:04:33] Saving staging sites configuration (end of request/batch)...
[VERBOSE] [2026-06-10 09:04:33] Configuration saved, destructing the logger (controller)...
[STEP] [2026-06-10 09:04:34] Performing final cleanup
[VERBOSE] [2026-06-10 09:04:34] Cleaning up not needed files and parsing configs.
[SUCCESS] [2026-06-10 09:04:34] Cleanup performed, entire process finished successfully
[VERBOSE] [2026-06-10 09:04:34] Saving staging sites configuration (end of request/batch)...
[VERBOSE] [2026-06-10 09:04:34] Configuration saved, destructing the logger (controller)...
